../Drivers/STM32WBxx_HAL_Driver/Inc/stm32wbxx_ll_bus.h:364:22:LL_AHB1_GRP1_EnableClock	24	static
../Drivers/STM32WBxx_HAL_Driver/Inc/stm32wbxx_ll_bus.h:539:22:LL_AHB2_GRP1_EnableClock	24	static
../Core/Src/main.c:74:6:HAL_TIM_PWM_PulseFinishedCallback	16	static
../Core/Src/main.c:80:6:ws2812_Set_LED	24	static
../Core/Src/main.c:88:6:ws2812_SetAll_LED	32	static
../Core/Src/main.c:96:6:ws2812_Send_PWM	608	static
../Core/Src/main.c:132:6:StartAlarm	8	static
../Core/Src/main.c:145:5:main	8	static
../Core/Src/main.c:213:6:SystemClock_Config	112	static
../Core/Src/main.c:271:6:PeriphCommonClock_Config	88	static
../Core/Src/main.c:295:13:MX_TIM1_Init	120	static
../Core/Src/main.c:377:13:MX_TIM16_Init	8	static
../Core/Src/main.c:407:13:MX_DMA_Init	8	static
../Core/Src/main.c:426:13:MX_GPIO_Init	32	static
../Core/Src/main.c:482:6:Error_Handler	4	static,ignoring_inline_asm
