../Drivers/STM32WBxx_HAL_Driver/Inc/stm32wbxx_ll_bus.h:364:22:LL_AHB1_GRP1_EnableClock	24	static
../Drivers/STM32WBxx_HAL_Driver/Inc/stm32wbxx_ll_bus.h:539:22:LL_AHB2_GRP1_EnableClock	24	static
../Core/Src/main.c:74:6:HAL_TIM_PWM_PulseFinishedCallback	16	static
../Core/Src/main.c:80:6:ws2812_Set_LED	24	static
../Core/Src/main.c:88:6:ws2812_SetAll_LED	32	static
../Core/Src/main.c:96:6:ws2812_Send_PWM	608	static
../Core/Src/main.c:131:6:StartAlarm	8	static
../Core/Src/main.c:144:5:main	8	static
../Core/Src/main.c:208:6:SystemClock_Config	112	static
../Core/Src/main.c:266:6:PeriphCommonClock_Config	88	static
../Core/Src/main.c:290:13:MX_TIM1_Init	120	static
../Core/Src/main.c:372:13:MX_TIM16_Init	8	static
../Core/Src/main.c:402:13:MX_DMA_Init	8	static
../Core/Src/main.c:421:13:MX_GPIO_Init	32	static
../Core/Src/main.c:477:6:Error_Handler	4	static,ignoring_inline_asm
